// Jest Snapshot v1, https://goo.gl/fbAQLP

exports[`FilterTagsList rendering Will render FilterTagsList component 1`] = `
<div
  className="filterTagList divider"
>
  <div
    className="filterTag"
  >
    <span
      className="fa-times"
      style={
        Object {
          "color": "#939596",
          "fontSize": "inherit",
        }
      }
    />
    Gluten Free
  </div>
  <div
    className="filterTag"
  >
    <span
      className="fa-times"
      style={
        Object {
          "color": "#939596",
          "fontSize": "inherit",
        }
      }
    />
    Reactive
  </div>
</div>
`;
