// Jest Snapshot v1, https://goo.gl/fbAQLP

exports[`Banner snapshots should render with given text 1`] = `
<div
  className="container link"
  onClick={[Function]}
>
  <p
    className="text"
  >
    A Banner's text
    Â 
    <span
      className="linkUnderlined"
    />
  </p>
</div>
`
