// Jest Snapshot v1, https://goo.gl/fbAQLP

exports[`FilterTag rendering Will render FilterTag 1`] = `
<div
  className="filterTag"
>
  <span
    className="fa-times"
    style={
      Object {
        "color": "#939596",
        "fontSize": "inherit",
      }
    }
  />
  Facebook
</div>
`;
