// Jest Snapshot v1, https://goo.gl/fbAQLP

exports[`FilterTag rendering Will render FilterTag component 1`] = `null`;
