// Jest Snapshot v1, https://goo.gl/fbAQLP

exports[`FilterTag rendering Will render FilterTag 1`] = `
<div
  className="filterTag"
  onClick={[Function]}
/>
`;
