// Jest Snapshot v1, https://goo.gl/fbAQLP

exports[`Notification component notifications should order the notifications by type in the following order danger > warning > notify 1`] = `
Array [
  Object {
    "message": "Your card is expired. Please update now.",
    "title": "Payment Method",
    "type": "danger",
    "url": "my-details",
  },
  Object {
    "message": "Weâ€™ve moved your delivery to the next available delivery day.",
    "title": "Delivery changes",
    "type": "info",
    "url": "my-deliveries",
  },
]
`;
