// Jest Snapshot v1, https://goo.gl/fbAQLP

exports[`BoxIcon Will snap BoxIcon 1`] = `null`;
