// Jest Snapshot v1, https://goo.gl/fbAQLP

exports[`Order Skip Recovery Model Offer Innitial Render should render snapshot 1`] = `
<div
  className="offerWrapper"
>
  <div
    className="discountOSR discountOSR--subscription"
  >
    <div
      className="discountOSR__container"
    >
      10%
      <small
        className="discountOSR__sub"
      >
        OFF
      </small>
    </div>
  </div>
  <div
    className="messageDiscountOSR messageDiscountOSR--subscription"
    dangerouslySetInnerHTML={
      Object {
        "__html": "You only have <strong>Â£13</strong> on all your orders until the <strong>19th of October</strong>",
      }
    }
  />
</div>
`;
