// Jest Snapshot v1, https://goo.gl/fbAQLP

exports[`Banner Initial Render should render with given text 1`] = `
<div
  className="container link"
  onClick={[Function]}
  onKeyDown={[Function]}
  role="button"
  tabIndex={0}
>
  <p
    className="text"
  >
    A Banner's text
    Â 
  </p>
  <div
    className="container tertiary fill widthAuto"
  >
    <div
      className="spinnerContainer  base tertiary fill noHover autoWidthPadding"
      onClick={[Function]}
      onKeyUp={[Function]}
      onMouseEnter={[Function]}
      onMouseLeave={[Function]}
    >
      <span
        className="spinner"
      >
        <div
          className="fadingCircle"
        >
          <div
            className="circle1 white"
          />
          <div
            className="circle2 white"
          />
          <div
            className="circle3 white"
          />
          <div
            className="circle4 white"
          />
          <div
            className="circle5 white"
          />
          <div
            className="circle6 white"
          />
          <div
            className="circle7 white"
          />
          <div
            className="circle8 white"
          />
          <div
            className="circle9 white"
          />
          <div
            className="circle10 white"
          />
          <div
            className="circle11 white"
          />
          <div
            className="circle12 white"
          />
        </div>
      </span>
    </div>
  </div>
</div>
`;
