// Jest Snapshot v1, https://goo.gl/fbAQLP

exports[`PaymentHeader will match snapshot 1`] = `
<div>
  <div
    className="headerContainer"
  >
    <h3
      className="header"
    >
      Payment details
       
      <span
        className="padlockIcon"
      />
    </h3>
    <span
      className="boldInfo"
    >
      All fields are required
    </span>
  </div>
  <p
    className="textSM"
  >
    All transactions are secured using 128 bit SSL technology.
  </p>
</div>
`;
