// Jest Snapshot v1, https://goo.gl/fbAQLP

exports[`Filter Nav will render a FilterNav 1`] = `null`;
