// Jest Snapshot v1, https://goo.gl/fbAQLP

exports[`Menu Loading Initial Rendering should match snapshot 1`] = `
<div
  className="container"
>
  <div
    className="loading"
  >
    <img
      alt=""
      className="gif contain"
      onClick={[Function]}
      src="Loading-Icon.gif"
    />
  </div>
</div>
`;
