// Jest Snapshot v1, https://goo.gl/fbAQLP

exports[`DesktopRecipeList when given 4 recipes should render correctly 1`] = `
ShallowWrapper {
  Symbol(enzyme.__root__): [Circular],
  Symbol(enzyme.__unrendered__): <DesktopRecipeList
    collectionFilterChange={[Function]}
    deliveryDate={null}
    isCurrentCollectionRecommendation={false}
    mobileGridView={false}
    recipes={
      Immutable.List [
        Immutable.Map {},
        Immutable.Map {},
        Immutable.Map {},
        Immutable.Map {},
      ]
    }
    showDetailRecipe={[Function]}
    thematicName={null}
  />,
  Symbol(enzyme.__renderer__): Object {
    "batchedUpdates": [Function],
    "getNode": [Function],
    "render": [Function],
    "simulateEvent": [Function],
    "unmount": [Function],
  },
  Symbol(enzyme.__node__): Object {
    "instance": null,
    "key": undefined,
    "nodeType": "host",
    "props": Object {
      "children": Array [
        <div
          className="mainColumnLeft"
        >
          <div
            className="featured"
          >
            <Connect(RecipeCard)
              index={0}
              isFeatured={true}
              mobileGridView={false}
              recipe={Immutable.Map {}}
              showDetailRecipe={[Function]}
            />
          </div>
          <div
            className="containerBelowFeatured"
          >
            <div
              className="columnBelowFeatured"
            >
              <Connect(RecipeCard)
                index={2}
                mobileGridView={false}
                recipe={Immutable.Map {}}
                showDetailRecipe={[Function]}
              />
            </div>
            <div
              className="columnBelowFeatured"
            >
              <Connect(RecipeCard)
                index={3}
                mobileGridView={false}
                recipe={Immutable.Map {}}
                showDetailRecipe={[Function]}
              />
              <CTACard
                collectionFilterChange={[Function]}
                deliveryDate={null}
                isCurrentCollectionRecommendation={false}
                thematicName={null}
              />
            </div>
          </div>
        </div>,
        <div
          className="mainColumnRight"
        >
          <Connect(RecipeCard)
            index={1}
            mobileGridView={false}
            recipe={Immutable.Map {}}
            showDetailRecipe={[Function]}
          />
        </div>,
      ],
      "className": "desktopRecipeList",
    },
    "ref": null,
    "rendered": Array [
      Object {
        "instance": null,
        "key": undefined,
        "nodeType": "host",
        "props": Object {
          "children": Array [
            <div
              className="featured"
            >
              <Connect(RecipeCard)
                index={0}
                isFeatured={true}
                mobileGridView={false}
                recipe={Immutable.Map {}}
                showDetailRecipe={[Function]}
              />
            </div>,
            <div
              className="containerBelowFeatured"
            >
              <div
                className="columnBelowFeatured"
              >
                <Connect(RecipeCard)
                  index={2}
                  mobileGridView={false}
                  recipe={Immutable.Map {}}
                  showDetailRecipe={[Function]}
                />
              </div>
              <div
                className="columnBelowFeatured"
              >
                <Connect(RecipeCard)
                  index={3}
                  mobileGridView={false}
                  recipe={Immutable.Map {}}
                  showDetailRecipe={[Function]}
                />
                <CTACard
                  collectionFilterChange={[Function]}
                  deliveryDate={null}
                  isCurrentCollectionRecommendation={false}
                  thematicName={null}
                />
              </div>
            </div>,
          ],
          "className": "mainColumnLeft",
        },
        "ref": null,
        "rendered": Array [
          Object {
            "instance": null,
            "key": undefined,
            "nodeType": "host",
            "props": Object {
              "children": <Connect(RecipeCard)
                index={0}
                isFeatured={true}
                mobileGridView={false}
                recipe={Immutable.Map {}}
                showDetailRecipe={[Function]}
              />,
              "className": "featured",
            },
            "ref": null,
            "rendered": Object {
              "instance": null,
              "key": undefined,
              "nodeType": "class",
              "props": Object {
                "index": 0,
                "isFeatured": true,
                "mobileGridView": false,
                "recipe": Immutable.Map {},
                "showDetailRecipe": [Function],
              },
              "ref": null,
              "rendered": null,
              "type": [Function],
            },
            "type": "div",
          },
          Object {
            "instance": null,
            "key": undefined,
            "nodeType": "host",
            "props": Object {
              "children": Array [
                <div
                  className="columnBelowFeatured"
                >
                  <Connect(RecipeCard)
                    index={2}
                    mobileGridView={false}
                    recipe={Immutable.Map {}}
                    showDetailRecipe={[Function]}
                  />
                </div>,
                <div
                  className="columnBelowFeatured"
                >
                  <Connect(RecipeCard)
                    index={3}
                    mobileGridView={false}
                    recipe={Immutable.Map {}}
                    showDetailRecipe={[Function]}
                  />
                  <CTACard
                    collectionFilterChange={[Function]}
                    deliveryDate={null}
                    isCurrentCollectionRecommendation={false}
                    thematicName={null}
                  />
                </div>,
              ],
              "className": "containerBelowFeatured",
            },
            "ref": null,
            "rendered": Array [
              Object {
                "instance": null,
                "key": undefined,
                "nodeType": "host",
                "props": Object {
                  "children": Array [
                    <Connect(RecipeCard)
                      index={2}
                      mobileGridView={false}
                      recipe={Immutable.Map {}}
                      showDetailRecipe={[Function]}
                    />,
                  ],
                  "className": "columnBelowFeatured",
                },
                "ref": null,
                "rendered": Array [
                  Object {
                    "instance": null,
                    "key": "2-undefined",
                    "nodeType": "class",
                    "props": Object {
                      "index": 2,
                      "mobileGridView": false,
                      "recipe": Immutable.Map {},
                      "showDetailRecipe": [Function],
                    },
                    "ref": null,
                    "rendered": null,
                    "type": [Function],
                  },
                ],
                "type": "div",
              },
              Object {
                "instance": null,
                "key": undefined,
                "nodeType": "host",
                "props": Object {
                  "children": Array [
                    Array [
                      <Connect(RecipeCard)
                        index={3}
                        mobileGridView={false}
                        recipe={Immutable.Map {}}
                        showDetailRecipe={[Function]}
                      />,
                    ],
                    <CTACard
                      collectionFilterChange={[Function]}
                      deliveryDate={null}
                      isCurrentCollectionRecommendation={false}
                      thematicName={null}
                    />,
                  ],
                  "className": "columnBelowFeatured",
                },
                "ref": null,
                "rendered": Array [
                  Object {
                    "instance": null,
                    "key": "3-undefined",
                    "nodeType": "class",
                    "props": Object {
                      "index": 3,
                      "mobileGridView": false,
                      "recipe": Immutable.Map {},
                      "showDetailRecipe": [Function],
                    },
                    "ref": null,
                    "rendered": null,
                    "type": [Function],
                  },
                  Object {
                    "instance": null,
                    "key": undefined,
                    "nodeType": "function",
                    "props": Object {
                      "collectionFilterChange": [Function],
                      "deliveryDate": null,
                      "isCurrentCollectionRecommendation": false,
                      "thematicName": null,
                    },
                    "ref": null,
                    "rendered": null,
                    "type": [Function],
                  },
                ],
                "type": "div",
              },
            ],
            "type": "div",
          },
        ],
        "type": "div",
      },
      Object {
        "instance": null,
        "key": undefined,
        "nodeType": "host",
        "props": Object {
          "children": Array [
            <Connect(RecipeCard)
              index={1}
              mobileGridView={false}
              recipe={Immutable.Map {}}
              showDetailRecipe={[Function]}
            />,
          ],
          "className": "mainColumnRight",
        },
        "ref": null,
        "rendered": Array [
          Object {
            "instance": null,
            "key": "1-undefined",
            "nodeType": "class",
            "props": Object {
              "index": 1,
              "mobileGridView": false,
              "recipe": Immutable.Map {},
              "showDetailRecipe": [Function],
            },
            "ref": null,
            "rendered": null,
            "type": [Function],
          },
        ],
        "type": "div",
      },
    ],
    "type": "div",
  },
  Symbol(enzyme.__nodes__): Array [
    Object {
      "instance": null,
      "key": undefined,
      "nodeType": "host",
      "props": Object {
        "children": Array [
          <div
            className="mainColumnLeft"
          >
            <div
              className="featured"
            >
              <Connect(RecipeCard)
                index={0}
                isFeatured={true}
                mobileGridView={false}
                recipe={Immutable.Map {}}
                showDetailRecipe={[Function]}
              />
            </div>
            <div
              className="containerBelowFeatured"
            >
              <div
                className="columnBelowFeatured"
              >
                <Connect(RecipeCard)
                  index={2}
                  mobileGridView={false}
                  recipe={Immutable.Map {}}
                  showDetailRecipe={[Function]}
                />
              </div>
              <div
                className="columnBelowFeatured"
              >
                <Connect(RecipeCard)
                  index={3}
                  mobileGridView={false}
                  recipe={Immutable.Map {}}
                  showDetailRecipe={[Function]}
                />
                <CTACard
                  collectionFilterChange={[Function]}
                  deliveryDate={null}
                  isCurrentCollectionRecommendation={false}
                  thematicName={null}
                />
              </div>
            </div>
          </div>,
          <div
            className="mainColumnRight"
          >
            <Connect(RecipeCard)
              index={1}
              mobileGridView={false}
              recipe={Immutable.Map {}}
              showDetailRecipe={[Function]}
            />
          </div>,
        ],
        "className": "desktopRecipeList",
      },
      "ref": null,
      "rendered": Array [
        Object {
          "instance": null,
          "key": undefined,
          "nodeType": "host",
          "props": Object {
            "children": Array [
              <div
                className="featured"
              >
                <Connect(RecipeCard)
                  index={0}
                  isFeatured={true}
                  mobileGridView={false}
                  recipe={Immutable.Map {}}
                  showDetailRecipe={[Function]}
                />
              </div>,
              <div
                className="containerBelowFeatured"
              >
                <div
                  className="columnBelowFeatured"
                >
                  <Connect(RecipeCard)
                    index={2}
                    mobileGridView={false}
                    recipe={Immutable.Map {}}
                    showDetailRecipe={[Function]}
                  />
                </div>
                <div
                  className="columnBelowFeatured"
                >
                  <Connect(RecipeCard)
                    index={3}
                    mobileGridView={false}
                    recipe={Immutable.Map {}}
                    showDetailRecipe={[Function]}
                  />
                  <CTACard
                    collectionFilterChange={[Function]}
                    deliveryDate={null}
                    isCurrentCollectionRecommendation={false}
                    thematicName={null}
                  />
                </div>
              </div>,
            ],
            "className": "mainColumnLeft",
          },
          "ref": null,
          "rendered": Array [
            Object {
              "instance": null,
              "key": undefined,
              "nodeType": "host",
              "props": Object {
                "children": <Connect(RecipeCard)
                  index={0}
                  isFeatured={true}
                  mobileGridView={false}
                  recipe={Immutable.Map {}}
                  showDetailRecipe={[Function]}
                />,
                "className": "featured",
              },
              "ref": null,
              "rendered": Object {
                "instance": null,
                "key": undefined,
                "nodeType": "class",
                "props": Object {
                  "index": 0,
                  "isFeatured": true,
                  "mobileGridView": false,
                  "recipe": Immutable.Map {},
                  "showDetailRecipe": [Function],
                },
                "ref": null,
                "rendered": null,
                "type": [Function],
              },
              "type": "div",
            },
            Object {
              "instance": null,
              "key": undefined,
              "nodeType": "host",
              "props": Object {
                "children": Array [
                  <div
                    className="columnBelowFeatured"
                  >
                    <Connect(RecipeCard)
                      index={2}
                      mobileGridView={false}
                      recipe={Immutable.Map {}}
                      showDetailRecipe={[Function]}
                    />
                  </div>,
                  <div
                    className="columnBelowFeatured"
                  >
                    <Connect(RecipeCard)
                      index={3}
                      mobileGridView={false}
                      recipe={Immutable.Map {}}
                      showDetailRecipe={[Function]}
                    />
                    <CTACard
                      collectionFilterChange={[Function]}
                      deliveryDate={null}
                      isCurrentCollectionRecommendation={false}
                      thematicName={null}
                    />
                  </div>,
                ],
                "className": "containerBelowFeatured",
              },
              "ref": null,
              "rendered": Array [
                Object {
                  "instance": null,
                  "key": undefined,
                  "nodeType": "host",
                  "props": Object {
                    "children": Array [
                      <Connect(RecipeCard)
                        index={2}
                        mobileGridView={false}
                        recipe={Immutable.Map {}}
                        showDetailRecipe={[Function]}
                      />,
                    ],
                    "className": "columnBelowFeatured",
                  },
                  "ref": null,
                  "rendered": Array [
                    Object {
                      "instance": null,
                      "key": "2-undefined",
                      "nodeType": "class",
                      "props": Object {
                        "index": 2,
                        "mobileGridView": false,
                        "recipe": Immutable.Map {},
                        "showDetailRecipe": [Function],
                      },
                      "ref": null,
                      "rendered": null,
                      "type": [Function],
                    },
                  ],
                  "type": "div",
                },
                Object {
                  "instance": null,
                  "key": undefined,
                  "nodeType": "host",
                  "props": Object {
                    "children": Array [
                      Array [
                        <Connect(RecipeCard)
                          index={3}
                          mobileGridView={false}
                          recipe={Immutable.Map {}}
                          showDetailRecipe={[Function]}
                        />,
                      ],
                      <CTACard
                        collectionFilterChange={[Function]}
                        deliveryDate={null}
                        isCurrentCollectionRecommendation={false}
                        thematicName={null}
                      />,
                    ],
                    "className": "columnBelowFeatured",
                  },
                  "ref": null,
                  "rendered": Array [
                    Object {
                      "instance": null,
                      "key": "3-undefined",
                      "nodeType": "class",
                      "props": Object {
                        "index": 3,
                        "mobileGridView": false,
                        "recipe": Immutable.Map {},
                        "showDetailRecipe": [Function],
                      },
                      "ref": null,
                      "rendered": null,
                      "type": [Function],
                    },
                    Object {
                      "instance": null,
                      "key": undefined,
                      "nodeType": "function",
                      "props": Object {
                        "collectionFilterChange": [Function],
                        "deliveryDate": null,
                        "isCurrentCollectionRecommendation": false,
                        "thematicName": null,
                      },
                      "ref": null,
                      "rendered": null,
                      "type": [Function],
                    },
                  ],
                  "type": "div",
                },
              ],
              "type": "div",
            },
          ],
          "type": "div",
        },
        Object {
          "instance": null,
          "key": undefined,
          "nodeType": "host",
          "props": Object {
            "children": Array [
              <Connect(RecipeCard)
                index={1}
                mobileGridView={false}
                recipe={Immutable.Map {}}
                showDetailRecipe={[Function]}
              />,
            ],
            "className": "mainColumnRight",
          },
          "ref": null,
          "rendered": Array [
            Object {
              "instance": null,
              "key": "1-undefined",
              "nodeType": "class",
              "props": Object {
                "index": 1,
                "mobileGridView": false,
                "recipe": Immutable.Map {},
                "showDetailRecipe": [Function],
              },
              "ref": null,
              "rendered": null,
              "type": [Function],
            },
          ],
          "type": "div",
        },
      ],
      "type": "div",
    },
  ],
  Symbol(enzyme.__options__): Object {
    "adapter": ReactFifteenAdapter {
      "options": Object {
        "legacyContextMode": "parent",
        "lifecycles": Object {
          "componentDidUpdate": Object {
            "prevContext": true,
          },
          "getChildContext": Object {
            "calledByRenderer": true,
          },
        },
        "supportPrevContextArgumentOfComponentDidUpdate": true,
      },
    },
  },
  Symbol(enzyme.__childContext__): null,
}
`;
