// Jest Snapshot v1, https://goo.gl/fbAQLP

exports[`Order Skip Recovery Modal Initial Render should render snapshot 1`] = `
<Overlay
  contentClassName=""
  from="top"
  onBackgroundClick={null}
  open={false}
>
  <div
    className="modalComponent modalComponent"
  >
    <div
      className="spacer"
    />
    <div
      className="container"
    >
      <div
        className="modalTitle"
      >
        <div
          className="title"
        >
          modal title
        </div>
      </div>
      <div
        className="modalContent"
      >
        <div
          className="container"
        >
          <div
            className="title"
          >
            value proposition title
          </div>
          <div
            className="message"
          >
            value proposition message
          </div>
        </div>
      </div>
      <div
        className="modalFooter"
      >
        <div
          className="confirm"
          onClick={[Function]}
          onKeyDown={[Function]}
          role="button"
          tabIndex={0}
        >
          confirm
        </div>
        <button
          className="keep"
          onClick={[Function]}
          onKeyDown={[Function]}
          type="button"
        >
          keep
        </button>
      </div>
    </div>
  </div>
</Overlay>
`;
